Open Watcom Linker Version 2.0 beta Oct 13 2022 01:06:25 (64-bit)
Copyright (c) 2002-2022 The Open Watcom Contributors. All Rights Reserved.
Portions Copyright (c) 1985-2002 Sybase, Inc. All Rights Reserved.
Created on:       22/10/15 20:12:20
Executable Image: stage2.bin
creating a RAW Binary Image executable


                        +------------+
                        |   Groups   |
                        +------------+

Group                           Address              Size
=====                           =======              ====

DGROUP                          0000002c             00000020



                        +--------------+
                        |   Segments   |
                        +--------------+

Segment                Class          Group          Address         Size
=======                =====          =====          =======         ====

_ENTRY                 CODE           AUTO           00000000        00000013
_TEXT                  CODE           AUTO           00000013        00000019
CONST                  DATA           DGROUP         0000002c        0000001f
CONST2                 DATA           DGROUP         0000004c        00000000
_DATA                  DATA           DGROUP         0000004c        00000000
__NASMDEFSEG                          AUTO           0000004c        00000017


                        +----------------+
                        |   Memory Map   |
                        +----------------+

* = unreferenced symbol
+ = symbol only referenced locally

Address        Symbol
=======        ======

Module: entry.obj(entry.asm)
00000000       entry
Module: main.obj(A:\_Info_Projects\_Vscode_Cpp\_OS_Dev\Bootloader\Stage2\main.c)
00000013       _cstart_
Module: x86.obj(x86.asm)
0000004c       _puts


                        +---------------------+
                        |   Module Segments   |
                        +---------------------+

! = 32-bit segment
c = initialized communal data

Module          Segment               Class           Address         Size
======          =======               =====           =======         ====

entry.asm       _ENTRY                CODE           00000000         00000013
A:\_Info_Projects\_Vscode_Cpp\_OS_Dev\Bootloader\Stage2\main.c
                _TEXT                 CODE           00000013         00000019
                CONST                 DATA           0000002c         0000001f
                CONST2                DATA           0000004c         00000000
                _DATA                 DATA           0000004c         00000000
x86.asm         __NASMDEFSEG                         0000004c         00000017
Warning! W1014: stack segment not found


                        +-----------------------+
                        |   Linker Statistics   |
                        +-----------------------+

Stack size:  0200 (512.)
Memory size:  0063 (99.)
Entry point address: 00000000
Link time: 00:00.03
